<html>
<body>
<pre>
<h1>礦ision Build Log</h1>
<h2>Tool Versions:</h2>
IDE-Version: μVision V5.36.0.0
Copyright (C) 2021 ARM Ltd and ARM Germany GmbH. All rights reserved.
License Information: Dong 202005570709@smail.xtu.edu.cn, Junbo, LIC=GMZI6-DGADL-GKMBG-VVCEW-MZ3PP-TYWZC
 
Tool Versions:
Toolchain:       MDK-ARM Plus  Version: 5.36.0.0
Toolchain Path:  E:\Explore\Keil5\ARM\ARMCC\Bin
C Compiler:      Armcc.exe V5.06 update 7 (build 960)
Assembler:       Armasm.exe V5.06 update 7 (build 960)
Linker/Locator:  ArmLink.exe V5.06 update 7 (build 960)
Library Manager: ArmAr.exe V5.06 update 7 (build 960)
Hex Converter:   FromElf.exe V5.06 update 7 (build 960)
CPU DLL:         SARMCM3.DLL V5.36.0.0
Dialog DLL:      DCM.DLL V1.17.3.0
Target DLL:      CMSIS_AGDI.dll V1.33.0.0
Dialog DLL:      TCM.DLL V1.53.0.0
 
<h2>Project:</h2>
c:\Users\20200\Desktop\STM32_Make\12-GPIO输出—使用固件库点亮LED灯\Project\RVMDK（uv5）\BH-F103.uvprojx
Project File Date:  10/25/2022

<h2>Output:</h2>
*** Using Compiler 'V5.06 update 7 (build 960)', folder: 'E:\Explore\Keil5\ARM\ARMCC\Bin'
Build target 'Led'
compiling main.c...
..\..\User\Show\Show.h(18): warning:  #1295-D: Deprecated declaration Display_HELP - give arg types
  void Display_HELP();			//display the word of help
..\..\User\Show\Show.h(44): warning:  #1-D: last line of file ends without a newline
  #endif /* __LED_H */
..\..\User\main.c(16): warning:  #223-D: function "GENERAL_TIM_Init" declared implicitly
  	GENERAL_TIM_Init();		//定时器初始化
..\..\User\main.c: 3 warnings, 0 errors
linking...
Program Size: Code=8276 RO-data=336 RW-data=56 ZI-data=1024  
FromELF: creating hex file...
"..\..\Output\led.axf" - 0 Error(s), 3 Warning(s).

<h2>Software Packages used:</h2>

Package Vendor: Keil
                http://www.keil.com/pack/Keil.STM32F1xx_DFP.2.3.0.pack
                Keil.STM32F1xx_DFP.2.3.0
                STMicroelectronics STM32F1 Series Device Support, Drivers and Examples

<h2>Collection of Component include folders:</h2>
  E:\Explore\Keil5\Keil\STM32F1xx_DFP\2.3.0\Device\Include

<h2>Collection of Component Files used:</h2>
Build Time Elapsed:  00:00:01
</pre>
</body>
</html>
